2025-09-30 15:32:18 [INFO] 单元测试日志
2025-09-30 15:35:49 [INFO] 单元测试日志
